[    0.000000] Linux version 4.15.0-74-generic (buildd@lcy01-amd64-022) (gcc version 7.4.0 (Ubuntu 7.4.0-1ubuntu1~18.04.1)) #84-Ubuntu SMP Thu Dec 19 08:06:28 UTC 2019 (Ubuntu 4.15.0-74.84-generic 4.15.18)
[    0.000000] Command line: BOOT_IMAGE=/boot/vmlinuz-4.15.0-74-generic root=LABEL=cloudimg-rootfs ro console=tty1 console=ttyS0
[    0.000000] KERNEL supported cpus:
[    0.000000]   Intel GenuineIntel
[    0.000000]   AMD AuthenticAMD
[    0.000000]   Centaur CentaurHauls
[    0.000000] x86/fpu: Supporting XSAVE feature 0x001: 'x87 floating point registers'
[    0.000000] x86/fpu: Supporting XSAVE feature 0x002: 'SSE registers'
[    0.000000] x86/fpu: Supporting XSAVE feature 0x004: 'AVX registers'
[    0.000000] x86/fpu: xstate_offset[2]:  576, xstate_sizes[2]:  256
[    0.000000] x86/fpu: Enabled xstate features 0x7, context size is 832 bytes, using 'standard' format.
[    0.000000] e820: BIOS-provided physical RAM map:
[    0.000000] BIOS-e820: [mem 0x0000000000000000-0x000000000009fbff] usable
[    0.000000] BIOS-e820: [mem 0x000000000009fc00-0x000000000009ffff] reserved
[    0.000000] BIOS-e820: [mem 0x00000000000f0000-0x00000000000fffff] reserved
[    0.000000] BIOS-e820: [mem 0x0000000000100000-0x000000003ffeffff] usable
[    0.000000] BIOS-e820: [mem 0x000000003fff0000-0x000000003fffffff] ACPI data
[    0.000000] BIOS-e820: [mem 0x00000000fec00000-0x00000000fec00fff] reserved
[    0.000000] BIOS-e820: [mem 0x00000000fee00000-0x00000000fee00fff] reserved
[    0.000000] BIOS-e820: [mem 0x00000000fffc0000-0x00000000ffffffff] reserved
[    0.000000] NX (Execute Disable) protection: active
[    0.000000] SMBIOS 2.5 present.
[    0.000000] DMI: innotek GmbH VirtualBox/VirtualBox, BIOS VirtualBox 12/01/2006
[    0.000000] Hypervisor detected: KVM
[    0.000000] e820: last_pfn = 0x3fff0 max_arch_pfn = 0x400000000
[    0.000000] MTRR: Disabled
[    0.000000] x86/PAT: MTRRs disabled, skipping PAT initialization too.
[    0.000000] CPU MTRRs all blank - virtualized system.
[    0.000000] x86/PAT: Configuration [0-7]: WB  WT  UC- UC  WB  WT  UC- UC  
[    0.000000] found SMP MP-table at [mem 0x0009fff0-0x0009ffff]
[    0.000000] Scanning 1 areas for low memory corruption
[    0.000000] RAMDISK: [mem 0x35a6b000-0x36d2cfff]
[    0.000000] ACPI: Early table checksum verification disabled
[    0.000000] ACPI: RSDP 0x00000000000E0000 000024 (v02 VBOX  )
[    0.000000] ACPI: XSDT 0x000000003FFF0030 00003C (v01 VBOX   VBOXXSDT 00000001 ASL  00000061)
[    0.000000] ACPI: FACP 0x000000003FFF00F0 0000F4 (v04 VBOX   VBOXFACP 00000001 ASL  00000061)
[    0.000000] ACPI: DSDT 0x000000003FFF0470 0022EA (v02 VBOX   VBOXBIOS 00000002 INTL 20100528)
[    0.000000] ACPI: FACS 0x000000003FFF0200 000040
[    0.000000] ACPI: FACS 0x000000003FFF0200 000040
[    0.000000] ACPI: APIC 0x000000003FFF0240 00005C (v02 VBOX   VBOXAPIC 00000001 ASL  00000061)
[    0.000000] ACPI: SSDT 0x000000003FFF02A0 0001CC (v01 VBOX   VBOXCPUT 00000002 INTL 20100528)
[    0.000000] No NUMA configuration found
[    0.000000] Faking a node at [mem 0x0000000000000000-0x000000003ffeffff]
[    0.000000] NODE_DATA(0) allocated [mem 0x3ffc5000-0x3ffeffff]
[    0.000000] kvm-clock: cpu 0, msr 0:3ff44001, primary cpu clock
[    0.000000] kvm-clock: Using msrs 4b564d01 and 4b564d00
[    0.000000] kvm-clock: using sched offset of 7065893896 cycles
[    0.000000] clocksource: kvm-clock: mask: 0xffffffffffffffff max_cycles: 0x1cd42e4dffb, max_idle_ns: 881590591483 ns
[    0.000000] Zone ranges:
[    0.000000]   DMA      [mem 0x0000000000001000-0x0000000000ffffff]
[    0.000000]   DMA32    [mem 0x0000000001000000-0x000000003ffeffff]
[    0.000000]   Normal   empty
[    0.000000]   Device   empty
[    0.000000] Movable zone start for each node
[    0.000000] Early memory node ranges
[    0.000000]   node   0: [mem 0x0000000000001000-0x000000000009efff]
[    0.000000]   node   0: [mem 0x0000000000100000-0x000000003ffeffff]
[    0.000000] Reserved but unavailable: 98 pages
[    0.000000] Initmem setup node 0 [mem 0x0000000000001000-0x000000003ffeffff]
[    0.000000] ACPI: PM-Timer IO Port: 0x4008
[    0.000000] IOAPIC[0]: apic_id 2, version 32, address 0xfec00000, GSI 0-23
[    0.000000] ACPI: INT_SRC_OVR (bus 0 bus_irq 0 global_irq 2 dfl dfl)
[    0.000000] ACPI: INT_SRC_OVR (bus 0 bus_irq 9 global_irq 9 low level)
[    0.000000] Using ACPI (MADT) for SMP configuration information
[    0.000000] smpboot: Allowing 2 CPUs, 0 hotplug CPUs
[    0.000000] PM: Registered nosave memory: [mem 0x00000000-0x00000fff]
[    0.000000] PM: Registered nosave memory: [mem 0x0009f000-0x0009ffff]
[    0.000000] PM: Registered nosave memory: [mem 0x000a0000-0x000effff]
[    0.000000] PM: Registered nosave memory: [mem 0x000f0000-0x000fffff]
[    0.000000] e820: [mem 0x40000000-0xfebfffff] available for PCI devices
[    0.000000] Booting paravirtualized kernel on KVM
[    0.000000] clocksource: refined-jiffies: mask: 0xffffffff max_cycles: 0xffffffff, max_idle_ns: 7645519600211568 ns
[    0.000000] random: get_random_bytes called from start_kernel+0x99/0x4fd with crng_init=0
[    0.000000] setup_percpu: NR_CPUS:8192 nr_cpumask_bits:2 nr_cpu_ids:2 nr_node_ids:1
[    0.000000] percpu: Embedded 45 pages/cpu s147456 r8192 d28672 u1048576
[    0.000000] PV qspinlock hash table entries: 256 (order: 0, 4096 bytes)
[    0.000000] Built 1 zonelists, mobility grouping on.  Total pages: 257913
[    0.000000] Policy zone: DMA32
[    0.000000] Kernel command line: BOOT_IMAGE=/boot/vmlinuz-4.15.0-74-generic root=LABEL=cloudimg-rootfs ro console=tty1 console=ttyS0
[    0.000000] Memory: 983072K/1048120K available (12300K kernel code, 2481K rwdata, 4260K rodata, 2428K init, 2704K bss, 65048K reserved, 0K cma-reserved)
[    0.000000] SLUB: HWalign=64, Order=0-3, MinObjects=0, CPUs=2, Nodes=1
[    0.000000] Kernel/User page tables isolation: enabled
[    0.000000] ftrace: allocating 39322 entries in 154 pages
[    0.004000] Hierarchical RCU implementation.
[    0.004000] 	RCU restricting CPUs from NR_CPUS=8192 to nr_cpu_ids=2.
[    0.004000] 	Tasks RCU enabled.
[    0.004000] RCU: Adjusting geometry for rcu_fanout_leaf=16, nr_cpu_ids=2
[    0.004000] NR_IRQS: 524544, nr_irqs: 440, preallocated irqs: 16
[    0.004000] Console: colour VGA+ 80x25
[    0.004000] console [tty1] enabled
[    0.004000] console [ttyS0] enabled
[    0.004000] ACPI: Core revision 20170831
[    0.004000] ACPI: 2 ACPI AML tables successfully acquired and loaded
[    0.004000] APIC: Switch to symmetric I/O mode setup
[    0.004000] x2apic enabled
[    0.004000] Switched APIC routing to physical x2apic.
[    0.004000] ..TIMER: vector=0x30 apic1=0 pin1=2 apic2=-1 pin2=-1
[    0.004004] tsc: Detected 2591.998 MHz processor
[    0.005100] Calibrating delay loop (skipped) preset value.. 5183.99 BogoMIPS (lpj=10367992)
[    0.008003] pid_max: default: 32768 minimum: 301
[    0.009129] Security Framework initialized
[    0.012002] Yama: becoming mindful.
[    0.012876] AppArmor: AppArmor initialized
[    0.015714] Dentry cache hash table entries: 131072 (order: 8, 1048576 bytes)
[    0.016061] Inode-cache hash table entries: 65536 (order: 7, 524288 bytes)
[    0.017669] Mount-cache hash table entries: 2048 (order: 2, 16384 bytes)
[    0.020004] Mountpoint-cache hash table entries: 2048 (order: 2, 16384 bytes)
[    0.022319] Last level iTLB entries: 4KB 64, 2MB 8, 4MB 8
[    0.024003] Last level dTLB entries: 4KB 64, 2MB 0, 4MB 0, 1GB 4
[    0.025394] Spectre V1 : Mitigation: usercopy/swapgs barriers and __user pointer sanitization
[    0.028002] Spectre V2 : Mitigation: Full generic retpoline
[    0.029329] Spectre V2 : Spectre v2 / SpectreRSB mitigation: Filling RSB on context switch
[    0.031820] Speculative Store Bypass: Vulnerable
[    0.032045] MDS: Mitigation: Clear CPU buffers
[    0.033470] Freeing SMP alternatives memory: 36K
[    0.144854] smpboot: CPU0: Intel(R) Core(TM) i7-6700HQ CPU @ 2.60GHz (family: 0x6, model: 0x5e, stepping: 0x3)
[    0.147786] Performance Events: unsupported p6 CPU model 94 no PMU driver, software events only.
[    0.148034] Hierarchical SRCU implementation.
[    0.149726] NMI watchdog: Perf event create on CPU 0 failed with -2
[    0.152002] NMI watchdog: Perf NMI watchdog permanently disabled
[    0.153508] smp: Bringing up secondary CPUs ...
[    0.156102] x86: Booting SMP configuration:
[    0.157407] .... node  #0, CPUs:      #1
[    0.004000] kvm-clock: cpu 1, msr 0:3ff44041, secondary cpu clock
[    0.162511] smp: Brought up 1 node, 2 CPUs
[    0.162511] smpboot: Max logical packages: 1
[    0.164004] smpboot: Total of 2 processors activated (10367.99 BogoMIPS)
[    0.165802] devtmpfs: initialized
[    0.165802] x86/mm: Memory block size: 128MB
[    0.168132] evm: security.selinux
[    0.168977] evm: security.SMACK64
[    0.170016] evm: security.SMACK64EXEC
[    0.170903] evm: security.SMACK64TRANSMUTE
[    0.172004] evm: security.SMACK64MMAP
[    0.172897] evm: security.apparmor
[    0.173730] evm: security.ima
[    0.174496] evm: security.capability
[    0.176085] clocksource: jiffies: mask: 0xffffffff max_cycles: 0xffffffff, max_idle_ns: 7645041785100000 ns
[    0.178286] futex hash table entries: 512 (order: 3, 32768 bytes)
[    0.181736] pinctrl core: initialized pinctrl subsystem
[    0.183263] RTC time:  2:32:51, date: 02/02/20
[    0.184177] NET: Registered protocol family 16
[    0.185676] audit: initializing netlink subsys (disabled)
[    0.187052] audit: type=2000 audit(1580610779.927:1): state=initialized audit_enabled=0 res=1
[    0.188010] cpuidle: using governor ladder
[    0.189049] cpuidle: using governor menu
[    0.190050] ACPI: bus type PCI registered
[    0.192003] acpiphp: ACPI Hot Plug PCI Controller Driver version: 0.5
[    0.193754] PCI: Using configuration type 1 for base access
[    0.196920] HugeTLB registered 2.00 MiB page size, pre-allocated 0 pages
[    0.200073] ACPI: Added _OSI(Module Device)
[    0.201089] ACPI: Added _OSI(Processor Device)
[    0.202175] ACPI: Added _OSI(3.0 _SCP Extensions)
[    0.203347] ACPI: Added _OSI(Processor Aggregator Device)
[    0.204004] ACPI: Added _OSI(Linux-Dell-Video)
[    0.205062] ACPI: Added _OSI(Linux-Lenovo-NV-HDMI-Audio)
[    0.206482] ACPI: Added _OSI(Linux-HPI-Hybrid-Graphics)
[    0.208445] ACPI: Executed 1 blocks of module-level executable AML code
[    0.213816] ACPI: Interpreter enabled
[    0.214926] ACPI: (supports S0 S5)
[    0.215895] ACPI: Using IOAPIC for interrupt routing
[    0.216205] PCI: Using host bridge windows from ACPI; if necessary, use "pci=nocrs" and report a bug
[    0.218754] ACPI: Enabled 2 GPEs in block 00 to 07
[    0.228000] ACPI: PCI Root Bridge [PCI0] (domain 0000 [bus 00-ff])
[    0.228007] acpi PNP0A03:00: _OSC: OS supports [ASPM ClockPM Segments MSI]
[    0.232456] acpi PNP0A03:00: _OSC: not requesting OS control; OS requires [ExtendedConfig ASPM ClockPM MSI]
[    0.235012] acpi PNP0A03:00: fail to add MMCONFIG information, can't access extended PCI configuration space under this bridge.
[    0.236486] PCI host bridge to bus 0000:00
[    0.237560] pci_bus 0000:00: root bus resource [io  0x0000-0x0cf7 window]
[    0.240003] pci_bus 0000:00: root bus resource [io  0x0d00-0xffff window]
[    0.241588] pci_bus 0000:00: root bus resource [mem 0x000a0000-0x000bffff window]
[    0.244002] pci_bus 0000:00: root bus resource [mem 0x40000000-0xfdffffff window]
[    0.245766] pci_bus 0000:00: root bus resource [bus 00-ff]
[    0.250915] pci 0000:00:01.1: legacy IDE quirk: reg 0x10: [io  0x01f0-0x01f7]
[    0.252003] pci 0000:00:01.1: legacy IDE quirk: reg 0x14: [io  0x03f6]
[    0.253901] pci 0000:00:01.1: legacy IDE quirk: reg 0x18: [io  0x0170-0x0177]
[    0.256003] pci 0000:00:01.1: legacy IDE quirk: reg 0x1c: [io  0x0376]
[    0.274318] pci 0000:00:07.0: quirk: [io  0x4000-0x403f] claimed by PIIX4 ACPI
[    0.276023] pci 0000:00:07.0: quirk: [io  0x4100-0x410f] claimed by PIIX4 SMB
[    0.289048] ACPI: PCI Interrupt Link [LNKA] (IRQs 5 9 10 *11)
[    0.290907] ACPI: PCI Interrupt Link [LNKB] (IRQs 5 9 *10 11)
[    0.292157] ACPI: PCI Interrupt Link [LNKC] (IRQs 5 *9 10 11)
[    0.293932] ACPI: PCI Interrupt Link [LNKD] (IRQs 5 9 10 *11)
[    0.295686] SCSI subsystem initialized
[    0.296046] pci 0000:00:02.0: vgaarb: setting as boot VGA device
[    0.297445] pci 0000:00:02.0: vgaarb: VGA device added: decodes=io+mem,owns=io+mem,locks=none
[    0.300005] pci 0000:00:02.0: vgaarb: bridge control possible
[    0.301352] vgaarb: loaded
[    0.302108] ACPI: bus type USB registered
[    0.303231] usbcore: registered new interface driver usbfs
[    0.304012] usbcore: registered new interface driver hub
[    0.305312] usbcore: registered new device driver usb
[    0.308056] EDAC MC: Ver: 3.0.0
[    0.309441] PCI: Using ACPI for IRQ routing
[    0.312164] NetLabel: Initializing
[    0.313007] NetLabel:  domain hash size = 128
[    0.314110] NetLabel:  protocols = UNLABELED CIPSOv4 CALIPSO
[    0.315508] NetLabel:  unlabeled traffic allowed by default
[    0.316125] clocksource: Switched to clocksource kvm-clock
[    0.331337] VFS: Disk quotas dquot_6.6.0
[    0.332653] VFS: Dquot-cache hash table entries: 512 (order 0, 4096 bytes)
[    0.334472] AppArmor: AppArmor Filesystem Enabled
[    0.335621] pnp: PnP ACPI init
[    0.337806] pnp: PnP ACPI: found 3 devices
[    0.348176] clocksource: acpi_pm: mask: 0xffffff max_cycles: 0xffffff, max_idle_ns: 2085701024 ns
[    0.350604] NET: Registered protocol family 2
[    0.351826] TCP established hash table entries: 8192 (order: 4, 65536 bytes)
[    0.353742] TCP bind hash table entries: 8192 (order: 5, 131072 bytes)
[    0.357160] TCP: Hash tables configured (established 8192 bind 8192)
[    0.359115] UDP hash table entries: 512 (order: 2, 16384 bytes)
[    0.360768] UDP-Lite hash table entries: 512 (order: 2, 16384 bytes)
[    0.362286] NET: Registered protocol family 1
[    0.363339] pci 0000:00:00.0: Limiting direct PCI/PCI transfers
[    0.364776] pci 0000:00:01.0: Activating ISA DMA hang workarounds
[    0.366554] pci 0000:00:02.0: Video device with shadowed ROM at [mem 0x000c0000-0x000dffff]
[    0.368661] Unpacking initramfs...
[    0.658050] Freeing initrd memory: 19208K
[    0.659423] clocksource: tsc: mask: 0xffffffffffffffff max_cycles: 0x255cb518234, max_idle_ns: 440795279333 ns
[    0.662134] platform rtc_cmos: registered platform RTC device (no PNP device found)
[    0.664098] Scanning for low memory corruption every 60 seconds
[    0.666473] Initialise system trusted keyrings
[    0.667632] Key type blacklist registered
[    0.668888] workingset: timestamp_bits=36 max_order=18 bucket_order=0
[    0.671261] zbud: loaded
[    0.672525] squashfs: version 4.0 (2009/01/31) Phillip Lougher
[    0.674148] fuse init (API version 7.26)
[    0.677993] Key type asymmetric registered
[    0.678987] Asymmetric key parser 'x509' registered
[    0.680333] Block layer SCSI generic (bsg) driver version 0.4 loaded (major 246)
[    0.682370] io scheduler noop registered
[    0.683329] io scheduler deadline registered
[    0.684438] io scheduler cfq registered (default)
[    0.686011] ACPI: AC Adapter [AC] (on-line)
[    0.687532] input: Power Button as /devices/LNXSYSTM:00/LNXPWRBN:00/input/input0
[    0.689668] ACPI: Power Button [PWRF]
[    0.691004] input: Sleep Button as /devices/LNXSYSTM:00/LNXSLPBN:00/input/input1
[    0.693010] ACPI: Sleep Button [SLPF]
[    0.695539] ACPI: Battery Slot [BAT0] (battery present)
[    0.696991] Serial: 8250/16550 driver, 32 ports, IRQ sharing enabled
[    0.719918] 00:02: ttyS0 at I/O 0x3f8 (irq = 4, base_baud = 115200) is a 16550A
[    0.726258] Linux agpgart interface v0.103
[    0.729238] loop: module loaded
[    0.730749] scsi host0: ata_piix
[    0.731994] scsi host1: ata_piix
[    0.732864] ata1: PATA max UDMA/33 cmd 0x1f0 ctl 0x3f6 bmdma 0xd000 irq 14
[    0.734471] ata2: PATA max UDMA/33 cmd 0x170 ctl 0x376 bmdma 0xd008 irq 15
[    0.736913] libphy: Fixed MDIO Bus: probed
[    0.738130] tun: Universal TUN/TAP device driver, 1.6
[    0.739691] PPP generic driver version 2.4.2
[    0.741081] ehci_hcd: USB 2.0 'Enhanced' Host Controller (EHCI) Driver
[    0.742706] ehci-pci: EHCI PCI platform driver
[    0.743795] ehci-platform: EHCI generic platform driver
[    0.745139] ohci_hcd: USB 1.1 'Open' Host Controller (OHCI) Driver
[    0.747143] ohci-pci: OHCI PCI platform driver
[    0.748280] ohci-platform: OHCI generic platform driver
[    0.749765] uhci_hcd: USB Universal Host Controller Interface driver
[    0.751987] i8042: PNP: PS/2 Controller [PNP0303:PS2K,PNP0f03:PS2M] at 0x60,0x64 irq 1,12
[    0.755978] serio: i8042 KBD port at 0x60,0x64 irq 1
[    0.758006] serio: i8042 AUX port at 0x60,0x64 irq 12
[    0.759765] mousedev: PS/2 mouse device common for all mice
[    0.762411] input: AT Translated Set 2 keyboard as /devices/platform/i8042/serio0/input/input2
[    0.765083] rtc_cmos rtc_cmos: rtc core: registered rtc_cmos as rtc0
[    0.767403] rtc_cmos rtc_cmos: alarms up to one day, 114 bytes nvram
[    0.769194] i2c /dev entries driver
[    0.770572] device-mapper: uevent: version 1.0.3
[    0.772359] device-mapper: ioctl: 4.37.0-ioctl (2017-09-20) initialised: dm-devel@redhat.com
[    0.775197] ledtrig-cpu: registered to indicate activity on CPUs
[    0.777286] NET: Registered protocol family 10
[    0.783397] Segment Routing with IPv6
[    0.784634] NET: Registered protocol family 17
[    0.786040] Key type dns_resolver registered
[    0.787443] mce: Using 0 MCE banks
[    0.788440] RAS: Correctable Errors collector initialized.
[    0.790027] sched_clock: Marking stable (788420100, 0)->(1005092040, -216671940)
[    0.793162] registered taskstats version 1
[    0.794301] Loading compiled-in X.509 certificates
[    0.798789] Loaded X.509 cert 'Build time autogenerated kernel key: 62d24f9c726e026b112735485dad6e6e4b50c923'
[    0.801631] zswap: loaded using pool lzo/zbud
[    0.807227] Key type big_key registered
[    0.808480] Key type trusted registered
[    0.811748] Key type encrypted registered
[    0.813170] AppArmor: AppArmor sha1 policy hashing enabled
[    0.814718] ima: No TPM chip found, activating TPM-bypass! (rc=-19)
[    0.817004] ima: Allocated hash algorithm: sha1
[    0.818665] evm: HMAC attrs: 0x1
[    0.820189]   Magic number: 8:809:509
[    0.821383] ata_piix 0000:00:01.1: hash matches
[    0.823038] rtc_cmos rtc_cmos: setting system clock to 2020-02-02 02:32:52 UTC (1580610772)
[    0.825568] BIOS EDD facility v0.16 2004-Jun-25, 0 devices found
[    0.827389] EDD information not available.
[    1.109651] Freeing unused kernel image memory: 2428K
[    1.131540] Write protecting the kernel read-only data: 20480k
[    1.133706] Freeing unused kernel image memory: 2008K
[    1.135404] Freeing unused kernel image memory: 1884K
[    1.142171] x86/mm: Checked W+X mappings: passed, no W+X pages found.
[    1.144002] x86/mm: Checking user space page tables
[    1.150381] x86/mm: Checked W+X mappings: passed, no W+X pages found.
Loading, please wait...
starting version 237
[    1.209616] e1000: Intel(R) PRO/1000 Network Driver - version 7.3.21-k8-NAPI
[    1.211706] e1000: Copyright (c) 1999-2006 Intel Corporation.
[    1.220832] Fusion MPT base driver 3.04.20
[    1.222201] Copyright (c) 1999-2008 LSI Corporation
[    1.235470] Fusion MPT SPI Host driver 3.04.20
[    1.238950] AVX2 version of gcm_enc/dec engaged.
[    1.240302] AES CTR mode by8 optimization enabled
[    1.430724] input: ImExPS/2 Generic Explorer Mouse as /devices/platform/i8042/serio1/input/input4
[    1.646216] e1000 0000:00:03.0 eth0: (PCI:33MHz:32-bit) 02:6f:f9:1e:39:dc
[    1.648431] e1000 0000:00:03.0 eth0: Intel(R) PRO/1000 Network Connection
[    1.651119] mptbase: ioc0: Initiating bringup
[    1.756440] ioc0: LSI53C1030 A0: Capabilities={Initiator}
[    2.000096] scsi host2: ioc0: LSI53C1030 A0, FwRev=00000000h, Ports=1, MaxQ=256, IRQ=20
[    2.168517] scsi 2:0:0:0: Direct-Access     VBOX     HARDDISK         1.0  PQ: 0 ANSI: 5
[    2.196559] scsi target2:0:0: Beginning Domain Validation
[    2.201099] scsi target2:0:0: Domain Validation skipping write tests
[    2.202630] scsi target2:0:0: Ending Domain Validation
[    2.203963] scsi target2:0:0: asynchronous
[    2.225397] scsi 2:0:1:0: Direct-Access     VBOX     HARDDISK         1.0  PQ: 0 ANSI: 5
[    2.267409] scsi target2:0:1: Beginning Domain Validation
[    2.278307] random: fast init done
[    2.279527] scsi target2:0:1: Domain Validation skipping write tests
[    2.281172] scsi target2:0:1: Ending Domain Validation
[    2.282474] scsi target2:0:1: asynchronous
[    2.288581] random: systemd-udevd: uninitialized urandom read (16 bytes read)
[    2.290833] random: systemd-udevd: uninitialized urandom read (16 bytes read)
[    2.292984] sd 2:0:0:0: Attached scsi generic sg0 type 0
[    2.294454] sd 2:0:1:0: Attached scsi generic sg1 type 0
[    2.295804] random: systemd-udevd: uninitialized urandom read (16 bytes read)
[    2.304251] sd 2:0:1:0: [sdb] 20480 512-byte logical blocks: (10.5 MB/10.0 MiB)
[    2.306726] sd 2:0:0:0: [sda] 20971520 512-byte logical blocks: (10.7 GB/10.0 GiB)
[    2.309084] sd 2:0:1:0: [sdb] Write Protect is off
[    2.310330] sd 2:0:0:0: [sda] Write Protect is off
[    2.311742] sd 2:0:1:0: [sdb] Incomplete mode parameter data
[    2.313211] sd 2:0:1:0: [sdb] Assuming drive cache: write through
[    2.314771] sd 2:0:0:0: [sda] Incomplete mode parameter data
[    2.316188] sd 2:0:0:0: [sda] Assuming drive cache: write through
[    2.319537] sd 2:0:1:0: [sdb] Attached SCSI disk
[    2.324672]  sda: sda1
[    2.326525] sd 2:0:0:0: [sda] Attached SCSI disk
[    2.604662] e1000 0000:00:08.0 eth1: (PCI:33MHz:32-bit) 08:00:27:01:56:61
[    2.606676] e1000 0000:00:08.0 eth1: Intel(R) PRO/1000 Network Connection
[    2.609700] e1000 0000:00:08.0 enp0s8: renamed from eth1
[    2.624725] e1000 0000:00:03.0 enp0s3: renamed from eth0
Begin: Loading essential drivers ... [    4.080514] raid6: sse2x1   gen() 10001 MB/s
[    4.128074] raid6: sse2x1   xor()  6749 MB/s
[    4.176141] raid6: sse2x2   gen()  8876 MB/s
[    4.224548] raid6: sse2x2   xor()  5663 MB/s
[    4.272141] raid6: sse2x4   gen() 10973 MB/s
[    4.320233] raid6: sse2x4   xor()  6344 MB/s
[    4.368540] raid6: avx2x1   gen() 17361 MB/s
[    4.416064] raid6: avx2x1   xor() 12544 MB/s
[    4.464382] raid6: avx2x2   gen() 23289 MB/s
[    4.512318] raid6: avx2x2   xor() 13635 MB/s
[    4.560068] raid6: avx2x4   gen() 25354 MB/s
[    4.608245] raid6: avx2x4   xor() 17006 MB/s
[    4.609789] raid6: using algorithm avx2x4 gen() 25354 MB/s
[    4.611313] raid6: .... xor() 17006 MB/s, rmw enabled
[    4.612646] raid6: using avx2x2 recovery algorithm
[    4.615383] xor: automatically using best checksumming function   avx       
[    4.619487] async_tx: api initialized (async)
done.
Begin: Running /scripts/init-premount ... done.
Begin: Mounting root file system ... Begin: Running /scripts/local-top ... done.
Begin: Running /scripts/local-premount ... [    4.668267] Btrfs loaded, crc32c=crc32c-intel
Scanning for Btrfs filesystems
done.
Warning: fsck not present, so skipping root file system
[    4.702025] EXT4-fs (sda1): mounted filesystem with ordered data mode. Opts: (null)
done.
Begin: Running /scripts/local-bottom ... done.
Begin: Running /scripts/init-bottom ... done.
[    4.911042] ip_tables: (C) 2000-2006 Netfilter Core Team
[    4.923011] systemd[1]: systemd 237 running in system mode. (+PAM +AUDIT +SELINUX +IMA +APPARMOR +SMACK +SYSVINIT +UTMP +LIBCRYPTSETUP +GCRYPT +GNUTLS +ACL +XZ +LZ4 +SECCOMP +BLKID +ELFUTILS +KMOD -IDN2 +IDN -PCRE2 default-hierarchy=hybrid)
[    4.929662] systemd[1]: Detected virtualization oracle.
[    4.931398] systemd[1]: Detected architecture x86-64.

Welcome to [1mUbuntu 18.04.3 LTS[0m!

[    4.942989] systemd[1]: Set hostname to <ubuntu-bionic>.
[    5.269918] systemd[1]: Started Forward Password Requests to Wall Directory Watch.
[[0;32m  OK  [0m] Started Forward Password Requests to Wall Directory Watch.
[    5.276593] systemd[1]: Reached target Swap.
[[0;32m  OK  [0m] Reached target Swap.
[    5.284619] systemd[1]: Created slice User and Session Slice.
[[0;32m  OK  [0m] Created slice User and Session Slice.
[    5.289217] systemd[1]: Reached target User and Group Name Lookups.
[[0;32m  OK  [0m] Reached target User and Group Name Lookups.
[    5.293670] systemd[1]: Reached target System Time Synchronized.
[[0;32m  OK  [0m] Reached target System Time Synchronized.
[    5.298861] systemd[1]: Created slice System Slice.
[[0;32m  OK  [0m] Created slice System Slice.
[[0;32m  OK  [0m] Listening on LVM2 poll daemon socket.
[[0;32m  OK  [0m] Created slice system-serial\x2dgetty.slice.
[[0;32m  OK  [0m] Listening on Syslog Socket.
[[0;32m  OK  [0m] Listening on Network Service Netlink Socket.
[[0;32m  OK  [0m] Listening on LVM2 metadata daemon socket.
[[0;32m  OK  [0m] Listening on Journal Socket (/dev/log).
[[0;32m  OK  [0m] Listening on udev Kernel Socket.
[[0;32m  OK  [0m] Listening on /dev/initctl Compatibility Named Pipe.
[[0;32m  OK  [0m] Listening on Journal Audit Socket.
[[0;32m  OK  [0m] Listening on udev Control Socket.
[[0;32m  OK  [0m] Listening on Journal Socket.
         Starting Create list of required stâ€¦ce nodes for the current kernel...
         Starting Set the console keyboard layout...
         Starting udev Coldplug all Devices...
         Starting Load Kernel Modules...
         Mounting POSIX Message Queue File System...
         Starting Uncomplicated firewall...
         Starting Remount Root and Kernel File Systems...
[[0;32m  OK  [0m] Reached target Slices.
[[0;32m  OK  [0m] Listening on Device-mapper event daemon FIFOs.
         Starting Monitoring of LVM2 mirrorsâ€¦ng dmeventd or progress polling...
[[0;32m  OK  [0m] Set up automount Arbitrary Executabâ€¦rmats File System Automount Point.
[    5.434658] Loading iSCSI transport class v2.0-870.
[    5.487721] EXT4-fs (sda1): re-mounted. Opts: (null)
         Mounting Huge Pages File System...
         Mounting Kernel Debug File System...
         Starting Journal Service...
[    5.506683] iscsi: registered transport (tcp)
[[0;32m  OK  [0m] Started Create list of required staâ€¦vice nodes for the current kernel.
[[0;32m  OK  [0m] Mounted POSIX Message Queue File System.
[[0;32m  OK  [0m] Started Uncomplicated firewall.
[[0;32m  OK  [0m] Started Remount Root and Kernel File Systems.
[[0;32m  OK  [0m] Mounted Huge Pages File System.
[[0;32m  OK  [0m] Mounted Kernel Debug File System.
[[0;32m  OK  [[    5.560746] iscsi: registered transport (iser)
0m] Started udev Coldplug all Devices.
[[0;32m  OK  [0m] Started Journal Service.
[[0;32m  OK  [0m] Started Load Kernel Modules.
[[0;32m  OK  [0m] Started LVM2 metadata daemon.
         Mounting Kernel Configuration File System...
         Mounting FUSE Control File System...
         Starting Apply Kernel Variables...
         Starting Load/Save Random Seed...
         Starting Flush Journal to Persistent Storage...
         Starting Create Static Device Nodes in /dev...
[[0;32m  OK  [0m] Started Set the console keyboard layout.
[[0;32m  OK  [0m] Started Monitoring of LVM2 mirrors,â€¦sing dmeventd or progress polling.
[[0;32m  OK  [0m] Mounted Kernel Configuration File System.
[[0;32m  OK  [0m] Mounted FUSE Control File System.
[[0;32m  OK  [0m] Started Load/Save Random Seed.
[[0;32m  OK  [0m] Started Apply Kernel Variables.
[[0;32m  OK  [0m] Started Create Static Device Nodes in /dev.
         Starting udev Kernel Device Manager...
[[0;32m  OK  [0m] Reached target Local File Systems (Pre).
[[0;32m  OK  [0m] Reached target Local File Systems.
         Starting Tell Plymouth To Write Out Runtime Data...
         Starting ebtables ruleset management...
         Starting AppArmor initialization...
         Starting Set console font and keymap...
[[0;32m  OK  [0m] Started udev Kernel Device Manager.
[[0;32m  OK  [0m] Started Dispatch Password Requests to Console Directory Watch.
[[0;32m  OK  [0m] Reached target Local Encrypted Volumes.
[[0;32m  OK  [0m] Started Tell Plymouth To Write Out Runtime Data.
[[0;32m  OK  [0m] Started Set console font and keymap.
[[0;32m  OK  [0m] Started Flush Journal to Persistent Storage.
         Starting Create Volatile Files and Directories...
[[0;32m  OK  [0m] Started Create Volatile Files and Directories.
[[0;32m  OK  [0m] Started ebtables ruleset management.
         Starting Update UTMP about System Boot/Shutdown...
[[0;32m  OK  [0m] Started Update UTMP about System Boot/Shutdown.
[[0;32m  OK  [0m] Found device /dev/ttyS0.
[[0;32m  OK  [0m] Listening on Load/Save RF Kill Switch Status /dev/rfkill Watch.
[[0;32m  OK  [0m] Started AppArmor initialization.
         Starting Initial cloud-init job (pre-networking)...
[    7.247412] cloud-init[535]: Cloud-init v. 19.3-41-gc4735dd3-0ubuntu1~18.04.1 running 'init-local' at Sun, 02 Feb 2020 02:32:58 +0000. Up 7.04 seconds.
[[0;32m  OK  [0m] Started Initial cloud-init job (pre-networking).
[[0;32m  OK  [0m] Reached target Network (Pre).
         Starting Network Service...
[[0;32m  OK  [0m] Started Network Service.
         Starting Wait for Network to be Configured...
         Starting Network Name Resolution...
[[0;32m  OK  [0m] Started Network Name Resolution.
[[0;32m  OK  [0m] Reached target Network.
[[0;32m  OK  [0m] Reached target Host and Network Name Lookups.
[[0;32m  OK  [0m] Started Wait for Network to be Configured.
         Starting Initial cloud-init job (metadata service crawler)...
[    9.994410] cloud-init[667]: Cloud-init v. 19.3-41-gc4735dd3-0ubuntu1~18.04.1 running 'init' at Sun, 02 Feb 2020 02:33:01 +0000. Up 9.74 seconds.
[   10.008718] cloud-init[667]: ci-info: ++++++++++++++++++++++++++++++++++++++Net device info+++++++++++++++++++++++++++++++++++++++
[   10.011769] cloud-init[667]: ci-info: +--------+------+-----------------------------+---------------+--------+-------------------+
[   10.015944] cloud-init[667]: ci-info: | Device |  Up  |           Address           |      Mask     | Scope  |     Hw-Address    |
[   10.020121] cloud-init[667]: ci-info: +--------+------+-----------------------------+---------------+--------+-------------------+
[   10.024516] cloud-init[667]: ci-info: | enp0s3 | True |          10.0.2.15          | 255.255.255.0 | global | 02:6f:f9:1e:39:dc |
[   10.029076] cloud-init[667]: ci-info: | enp0s3 | True |  fe80::6f:f9ff:fe1e:39dc/64 |       .       |  link  | 02:6f:f9:1e:39:dc |
[   10.031962] cloud-init[667]: ci-info: | enp0s8 | True |        192.168.34.10        | 255.255.255.0 | global | 08:00:27:01:56:61 |
[   10.037319] cloud-init[667]: ci-info: | enp0s8 | True | fe80::a00:27ff:fe01:5661/64 |       .       |  link  | 08:00:27:01:56:61 |
[   10.040817] cloud-init[667]: ci-info: |   lo   | True |          127.0.0.1          |   255.0.0.0   |  host  |         .         |
[   10.044666] cloud-init[667]: ci-info: |   lo   | True |           ::1/128           |       .       |  host  |         .         |
[   10.049013] cloud-init[667]: ci-info: +--------+------+-----------------------------+---------------+--------+-------------------+
[   10.065153] cloud-init[667]: ci-info: +++++++++++++++++++++++++++++Route IPv4 info+++++++++++++++++++++++++++++
[   10.069644] cloud-init[667]: ci-info: +-------+--------------+----------+-----------------+-----------+-------+
[   10.075285] cloud-init[667]: ci-info: | Route | Destination  | Gateway  |     Genmask     | Interface | Flags |
[   10.088275] cloud-init[667]: ci-info: +-------+--------------+----------+-----------------+-----------+-------+
[   10.091808] cloud-init[667]: ci-info: |   0   |   0.0.0.0    | 10.0.2.2 |     0.0.0.0     |   enp0s3  |   UG  |
[   10.096363] cloud-init[667]: ci-info: |   1   |   10.0.2.0   | 0.0.0.0  |  255.255.255.0  |   enp0s3  |   U   |
[   10.099868] cloud-init[667]: ci-info: |   2   |   10.0.2.2   | 0.0.0.0  | 255.255.255.255 |   enp0s3  |   UH  |
[   10.103170] cloud-init[667]: ci-info: |   3   | 192.168.34.0 | 0.0.0.0  |  255.255.255.0  |   enp0s8  |   U   |
[   10.106009] cloud-init[667]: ci-info: +-------+--------------+----------+-----------------+-----------+-------+
[   10.108532] cloud-init[667]: ci-info: +++++++++++++++++++Route IPv6 info+++++++++++++++++++
[   10.111200] cloud-init[667]: ci-info: +-------+-------------+---------+-----------+-------+
[   10.114054] cloud-init[667]: ci-info: | Route | Destination | Gateway | Interface | Flags |
[   10.116850] cloud-init[667]: ci-info: +-------+-------------+---------+-----------+-------+
[   10.119167] cloud-init[667]: ci-info: |   1   |  fe80::/64  |    ::   |   enp0s8  |   U   |
[   10.121937] cloud-init[667]: ci-info: |   2   |  fe80::/64  |    ::   |   enp0s3  |   U   |
[   10.132394] cloud-init[667]: ci-info: |   4   |    local    |    ::   |   enp0s3  |   U   |
[   10.134995] cloud-init[667]: ci-info: |   5   |    local    |    ::   |   enp0s8  |   U   |
[   10.136587] cloud-init[667]: ci-info: |   6   |   ff00::/8  |    ::   |   enp0s8  |   U   |
[   10.152215] cloud-init[667]: ci-info: |   7   |   ff00::/8  |    ::   |   enp0s3  |   U   |
[   10.155024] cloud-init[667]: ci-info: +-------+-------------+---------+-----------+-------+
[[0;32m  OK  [0m] Started Initial cloud-init job (metadata service crawler).
[[0;32m  OK  [0m] Reached target Network is Online.
[[0;32m  OK  [0m] Reached target Remote File Systems (Pre).
[[0;32m  OK  [0m] Reached target Remote File Systems.
         Starting Availability of block devices...
[[0;32m  OK  [0m] Reached target Cloud-config availability.
[[0;32m  OK  [0m] Reached target System Initialization.
[[0;32m  OK  [0m] Started Message of the Day.
[[0;32m  OK  [0m] Started Daily Cleanup of Temporary Directories.
         Starting Socket activation for snappy daemon.
         Starting LXD - unix socket.
[[0;32m  OK  [0m] Listening on UUID daemon activation socket.
[[0;32m  OK  [0m] Listening on D-Bus System Message Bus Socket.
[[0;32m  OK  [0m] Listening on ACPID Listen Socket.
         Starting Docker Socket for the API.
[[0;32m  OK  [0m] Started ACPI Events Check.
[[0;32m  OK  [0m] Reached target Paths.
[[0;32m  OK  [0m] Listening on Open-iSCSI iscsid Socket.
[[0;32m  OK  [0m] Started Discard unused blocks once a week.
[[0;32m  OK  [0m] Started Daily apt download activities.
[[0;32m  OK  [0m] Started Daily apt upgrade and clean activities.
[[0;32m  OK  [0m] Reached target Timers.
[[0;32m  OK  [0m] Started Availability of block devices.
[[0;32m  OK  [0m] Listening on Socket activation for snappy daemon.
[[0;32m  OK  [0m] Listening on LXD - unix socket.
[[0;32m  OK  [0m] Listening on Docker Socket for the API.
[[0;32m  OK  [0m] Reached target Sockets.
[[0;32m  OK  [0m] Reached target Basic System.
[[0;32m  OK  [0m] Started Deferred execution scheduler.
[[0;32m  OK  [0m] Started D-Bus System Message Bus.
         Starting LSB: Record successful boot for GRUB...
[[0;32m  OK  [0m] Started Regular background program processing daemon.
[[0;32m  OK  [0m] Started irqbalance daemon.
         Starting LSB: automatic crash report generation...
         Starting OpenBSD Secure Shell server...
         Starting containerd container runtime...
         Starting Accounts Service...
         Starting System Logging Service...
         Starting Virtualbox guest utils...
[[0;32m  OK  [0m] Started FUSE filesystem for LXC.
         Starting Permit User Sessions...
         Starting Dispatcher daemon for systemd-networkd...
         Starting Snappy daemon...
         Starting LXD - container startup/shutdown...
         Starting Login Service...
[[0;32m  OK  [0m] Started System Logging Service.
[[0;32m  OK  [0m] Started containerd container runtime.
[[0;32m  OK  [0m] Started Permit User Sessions.
         Starting Terminate Plymouth Boot Screen...
         Starting Hold until boot process finishes up...
         Starting Docker Application Container Engine...
[[0;32m  OK  [0m] Started Hold until boot process finishes up.
[[0;32m  OK  [0m] Started Terminate Plymouth Boot Screen.
[[0;32m  OK  [0m] Started Serial Getty on ttyS0.
         Starting Set console scheme...
[[0;32m  OK  [0m] Started Set console scheme.
[[0;32m  OK  [0m] Created slice system-getty.slice.
[[0;32m  OK  [0m] Started Getty on tty1.
[[0;32m  OK  [0m] Reached target Login Prompts.
         Starting Authorization Manager...
[[0;32m  OK  [0m] Started Login Service.
[[0;32m  OK  [0m] Started Unattended Upgrades Shutdown.
[[0;32m  OK  [0m] Started OpenBSD Secure Shell server.
[[0;32m  OK  [0m] Started LSB: Record successful boot for GRUB.
[[0;32m  OK  [0m] Started LSB: automatic crash report generation.
[[0;32m  OK  [0m] Started Authorization Manager.
[[0;32m  OK  [0m] Started Accounts Service.
[[0;32m  OK  [0m] Started Virtualbox guest utils.
[[0;32m  OK  [0m] Created slice User Slice of vagrant.
[[0;32m  OK  [0m] Started Dispatcher daemon for systemd-networkd.
         Starting User Manager for UID 1000...
[[0;32m  OK  [0m] Started Session 1 of user vagrant.
[[0;32m  OK  [0m] Started LXD - container startup/shutdown.
[[0;32m  OK  [0m] Started User Manager for UID 1000.
[[0;32m  OK  [0m] Started Snappy daemon.
         Starting Wait until snapd is fully seeded...
[[0;32m  OK  [0m] Started Wait until snapd is fully seeded.
         Starting Apply the settings specified in cloud-config...
[   13.195346] cloud-init[1082]: Cloud-init v. 19.3-41-gc4735dd3-0ubuntu1~18.04.1 running 'modules:config' at Sun, 02 Feb 2020 02:33:04 +0000. Up 12.98 seconds.
[[0;32m  OK  [0m] Started Apply the settings specified in cloud-config.
[[0;32m  OK  [0m] Started Docker Application Container Engine.
[[0;32m  OK  [0m] Reached target Multi-User System.
         Starting Execute cloud user/final scripts...
[[0;32m  OK  [0m] Reached target Graphical Interface.
         Starting Update UTMP about System Runlevel Changes...
[[0;32m  OK  [0m] Started Update UTMP about System Runlevel Changes.
[   14.245589] cloud-init[1383]: Cloud-init v. 19.3-41-gc4735dd3-0ubuntu1~18.04.1 running 'modules:final' at Sun, 02 Feb 2020 02:33:05 +0000. Up 14.12 seconds.
[   14.248656] cloud-init[1383]: Cloud-init v. 19.3-41-gc4735dd3-0ubuntu1~18.04.1 finished at Sun, 02 Feb 2020 02:33:05 +0000. Datasource DataSourceNoCloud [seed=/dev/sdb][dsmode=net].  Up 14.23 seconds
[[0;32m  OK  [0m] Started Execute cloud user/final scripts.
[[0;32m  OK  [0m] Reached target Cloud-init target.

Ubuntu 18.04.3 LTS ubuntu-bionic ttyS0

ubuntu-bionic login: 